2026-08-09T03:44:46.7435316Z [INFO] Log started → "C:\\My-project\\My-Project\\My-project\\seewo-class-mvp\\crates\\drafftink-display\\logs\\display_2026-08-09.log"
2026-08-09T03:44:46.7454952Z [INFO] [display] No file argument, starting with empty canvas.
2026-08-09T03:44:46.8355073Z [WARN] InstanceFlags::VALIDATION requested, but unable to find layer: VK_LAYER_KHRONOS_validation
2026-08-09T03:44:46.8361454Z [INFO] GENERAL [Loader Message (0x0)]
	windows_get_app_package_manifest_path: Failed to find mapping layers packages by family name
2026-08-09T03:44:46.8365871Z [INFO] 	objects: (type: INSTANCE, hndl: 0x21ba07d4e00, name: ?)
2026-08-09T03:44:46.8373493Z [INFO] GENERAL [Loader Message (0x0)]
	Checking for Layer Manifest files in Registry at HKEY_LOCAL_MACHINE\SOFTWARE\Khronos\Vulkan\ImplicitLayers
2026-08-09T03:44:46.8374702Z [INFO] 	objects: (type: INSTANCE, hndl: 0x21ba07d4e00, name: ?)
2026-08-09T03:44:46.8377Z [INFO] GENERAL [Loader Message (0x0)]
	windows_add_json_entry: Located json file "C:\Windows\System32\DriverStore\FileRepository\u0416624.inf_amd64_1eae707b82df6d48\B416495\amd-vulkan64.json" from PnP registry: E
2026-08-09T03:44:46.8378183Z [INFO] 	objects: (type: INSTANCE, hndl: 0x21ba07d4e00, name: ?)
2026-08-09T03:44:46.8379769Z [INFO] GENERAL [Loader Message (0x0)]
	Located json file "C:\Program Files (x86)\Epic Games\Epic Online Services\managedArtifacts\98bc04bc842e4906993fd6d6644ffb8d\EOSOverlayVkLayer-Win64.json" from registry "HKEY_LOCAL_MACHINE\SOFTWARE\Khronos\Vulkan\ImplicitLayers"
2026-08-09T03:44:46.8380925Z [INFO] 	objects: (type: INSTANCE, hndl: 0x21ba07d4e00, name: ?)
2026-08-09T03:44:46.8383706Z [INFO] GENERAL [Loader Message (0x0)]
	Found manifest file C:\Windows\System32\DriverStore\FileRepository\u0416624.inf_amd64_1eae707b82df6d48\B416495\amd-vulkan64.json (file version 1.0.0)
2026-08-09T03:44:46.8384947Z [INFO] 	objects: (type: INSTANCE, hndl: 0x21ba07d4e00, name: ?)
2026-08-09T03:44:46.8386661Z [ERROR] GENERAL [Loader Message (0x0)]
	loader_get_json: Failed to open JSON file C:\Program Files (x86)\Epic Games\Epic Online Services\managedArtifacts\98bc04bc842e4906993fd6d6644ffb8d\EOSOverlayVkLayer-Win64.json
2026-08-09T03:44:46.8387838Z [ERROR] 	objects: (type: INSTANCE, hndl: 0x21ba07d4e00, name: ?)
2026-08-09T03:44:46.8389321Z [INFO] GENERAL [Loader Message (0x0)]
	Checking for Layer Manifest files in Registry at HKEY_LOCAL_MACHINE\SOFTWARE\Khronos\Vulkan\ExplicitLayers
2026-08-09T03:44:46.8390561Z [INFO] 	objects: (type: INSTANCE, hndl: 0x21ba07d4e00, name: ?)
2026-08-09T03:44:46.8393137Z [INFO] GENERAL [Loader Message (0x0)]
	windows_get_device_registry_files: opening device PCI\VEN_1002&DEV_15E7&SUBSYS_8B5C103C&REV_C4\4&1185d5e4&0&0041
2026-08-09T03:44:46.8394329Z [INFO] 	objects: (type: INSTANCE, hndl: 0x21ba07d4e00, name: ?)
2026-08-09T03:44:46.8395685Z [INFO] GENERAL [Loader Message (0x0)]
	windows_get_device_registry_entry: Device ID(1) Does not contain a value for "VulkanExplicitLayers"
2026-08-09T03:44:46.839679Z [INFO] 	objects: (type: INSTANCE, hndl: 0x21ba07d4e00, name: ?)
2026-08-09T03:44:46.839783Z [INFO] GENERAL [Loader Message (0x0)]
	windows_get_device_registry_files: Opening child device 3 - SWD\DRIVERENUM\AMDOCL&5&18FA1DD8&0
2026-08-09T03:44:46.83989Z [INFO] 	objects: (type: INSTANCE, hndl: 0x21ba07d4e00, name: ?)
2026-08-09T03:44:46.8400228Z [INFO] GENERAL [Loader Message (0x0)]
	windows_get_device_registry_entry: Device ID(3) Does not contain a value for "VulkanExplicitLayers"
2026-08-09T03:44:46.8401351Z [INFO] 	objects: (type: INSTANCE, hndl: 0x21ba07d4e00, name: ?)
2026-08-09T03:44:46.8402785Z [INFO] GENERAL [Loader Message (0x0)]
	windows_get_device_registry_files: Opening child device 4 - SWD\DRIVERENUM\AMDUWP&5&18FA1DD8&0
2026-08-09T03:44:46.8404464Z [INFO] 	objects: (type: INSTANCE, hndl: 0x21ba07d4e00, name: ?)
2026-08-09T03:44:46.8406005Z [INFO] GENERAL [Loader Message (0x0)]
	windows_get_device_registry_entry: Device ID(4) Does not contain a value for "VulkanExplicitLayers"
2026-08-09T03:44:46.8407126Z [INFO] 	objects: (type: INSTANCE, hndl: 0x21ba07d4e00, name: ?)
2026-08-09T03:44:46.8408677Z [INFO] GENERAL [Loader Message (0x0)]
	windows_get_device_registry_files: Opening child device 5 - SWD\DRIVERENUM\AMDWIN&5&18FA1DD8&0
2026-08-09T03:44:46.8410143Z [INFO] 	objects: (type: INSTANCE, hndl: 0x21ba07d4e00, name: ?)
2026-08-09T03:44:46.8411491Z [INFO] GENERAL [Loader Message (0x0)]
	windows_get_device_registry_entry: Device ID(5) Does not contain a value for "VulkanExplicitLayers"
2026-08-09T03:44:46.8412606Z [INFO] 	objects: (type: INSTANCE, hndl: 0x21ba07d4e00, name: ?)
2026-08-09T03:44:46.841362Z [INFO] GENERAL [Loader Message (0x0)]
	windows_get_device_registry_files: Opening child device 6 - DISPLAY\AUO34A6\5&18FA1DD8&0&UID256
2026-08-09T03:44:46.8414681Z [INFO] 	objects: (type: INSTANCE, hndl: 0x21ba07d4e00, name: ?)
2026-08-09T03:44:46.841566Z [INFO] GENERAL [Loader Message (0x0)]
	windows_get_device_registry_files: found no registry files
2026-08-09T03:44:46.8416721Z [INFO] 	objects: (type: INSTANCE, hndl: 0x21ba07d4e00, name: ?)
2026-08-09T03:44:46.8417949Z [INFO] GENERAL [Loader Message (0x0)]
	Found no registry files in HKEY_CURRENT_USER\SOFTWARE\Khronos\Vulkan\ExplicitLayers
2026-08-09T03:44:46.8419047Z [INFO] 	objects: (type: INSTANCE, hndl: 0x21ba07d4e00, name: ?)
2026-08-09T03:44:46.8419904Z [WARN] GENERAL [Loader Message (0x0)]
	windows_read_data_files_in_registry: Registry lookup failed to get layer manifest files.
2026-08-09T03:44:46.8420938Z [WARN] 	objects: (type: INSTANCE, hndl: 0x21ba07d4e00, name: ?)
2026-08-09T03:44:46.8422966Z [INFO] GENERAL [Loader Message (0x0)]
	windows_get_app_package_manifest_path: Failed to find mapping layers packages by family name
2026-08-09T03:44:46.8424125Z [INFO] 	objects: (type: INSTANCE, hndl: 0x21ba07d4e00, name: ?)
2026-08-09T03:44:46.8424998Z [INFO] GENERAL [Loader Message (0x0)]
	Checking for Driver Manifest files in Registry at HKEY_LOCAL_MACHINE\SOFTWARE\Khronos\Vulkan\Drivers
2026-08-09T03:44:46.8426692Z [INFO] 	objects: (type: INSTANCE, hndl: 0x21ba07d4e00, name: ?)
2026-08-09T03:44:46.8428805Z [INFO] GENERAL [Loader Message (0x0)]
	windows_add_json_entry: Located json file "C:\Windows\System32\DriverStore\FileRepository\u0416624.inf_amd64_1eae707b82df6d48\B416495\amd-vulkan64.json" from PnP registry: E
2026-08-09T03:44:46.8429956Z [INFO] 	objects: (type: INSTANCE, hndl: 0x21ba07d4e00, name: ?)
2026-08-09T03:44:46.8433839Z [INFO] GENERAL [Loader Message (0x0)]
	Found no registry files in HKEY_LOCAL_MACHINE\SOFTWARE\Khronos\Vulkan\Drivers
2026-08-09T03:44:46.8435073Z [INFO] 	objects: (type: INSTANCE, hndl: 0x21ba07d4e00, name: ?)
2026-08-09T03:44:46.8438046Z [INFO] GENERAL [Loader Message (0x0)]
	Found ICD manifest file C:\Windows\System32\DriverStore\FileRepository\u0416624.inf_amd64_1eae707b82df6d48\B416495\amd-vulkan64.json, version 1.0.0
2026-08-09T03:44:46.8439255Z [INFO] 	objects: (type: INSTANCE, hndl: 0x21ba07d4e00, name: ?)
2026-08-09T03:44:46.8440882Z [INFO] GENERAL [Loader Message (0x0)]
	Insert instance layer "VK_LAYER_AMD_switchable_graphics" (C:\Windows\System32\DriverStore\FileRepository\u0416624.inf_amd64_1eae707b82df6d48\B416495\.\amdvlk64.dll)
2026-08-09T03:44:46.8441987Z [INFO] 	objects: (type: INSTANCE, hndl: 0x21ba07d4e00, name: ?)
2026-08-09T03:44:46.8444957Z [INFO] GENERAL [Loader Message (0x0)]
	vkCreateInstance layer callstack setup to:
2026-08-09T03:44:46.8446168Z [INFO] 	objects: (type: INSTANCE, hndl: 0x21ba07d4e00, name: ?)
2026-08-09T03:44:46.8447015Z [INFO] GENERAL [Loader Message (0x0)]
	   <Application>
2026-08-09T03:44:46.8448029Z [INFO] 	objects: (type: INSTANCE, hndl: 0x21ba07d4e00, name: ?)
2026-08-09T03:44:46.8448855Z [INFO] GENERAL [Loader Message (0x0)]
	     ||
2026-08-09T03:44:46.8449865Z [INFO] 	objects: (type: INSTANCE, hndl: 0x21ba07d4e00, name: ?)
2026-08-09T03:44:46.8450805Z [INFO] GENERAL [Loader Message (0x0)]
	   <Loader>
2026-08-09T03:44:46.8451824Z [INFO] 	objects: (type: INSTANCE, hndl: 0x21ba07d4e00, name: ?)
2026-08-09T03:44:46.8452646Z [INFO] GENERAL [Loader Message (0x0)]
	     ||
2026-08-09T03:44:46.8453657Z [INFO] 	objects: (type: INSTANCE, hndl: 0x21ba07d4e00, name: ?)
2026-08-09T03:44:46.8454988Z [INFO] GENERAL [Loader Message (0x0)]
	   VK_LAYER_AMD_switchable_graphics
2026-08-09T03:44:46.8456068Z [INFO] 	objects: (type: INSTANCE, hndl: 0x21ba07d4e00, name: ?)
2026-08-09T03:44:46.8456886Z [INFO] GENERAL [Loader Message (0x0)]
	           Type: Implicit
2026-08-09T03:44:46.8457886Z [INFO] 	objects: (type: INSTANCE, hndl: 0x21ba07d4e00, name: ?)
2026-08-09T03:44:46.8458701Z [INFO] GENERAL [Loader Message (0x0)]
	               Disable Env Var:  DISABLE_LAYER_AMD_SWITCHABLE_GRAPHICS_1
2026-08-09T03:44:46.8459714Z [INFO] 	objects: (type: INSTANCE, hndl: 0x21ba07d4e00, name: ?)
2026-08-09T03:44:46.8460533Z [INFO] GENERAL [Loader Message (0x0)]
	           Manifest: C:\Windows\System32\DriverStore\FileRepository\u0416624.inf_amd64_1eae707b82df6d48\B416495\amd-vulkan64.json
2026-08-09T03:44:46.8461533Z [INFO] 	objects: (type: INSTANCE, hndl: 0x21ba07d4e00, name: ?)
2026-08-09T03:44:46.8462348Z [INFO] GENERAL [Loader Message (0x0)]
	           Library:  C:\Windows\System32\DriverStore\FileRepository\u0416624.inf_amd64_1eae707b82df6d48\B416495\.\amdvlk64.dll
2026-08-09T03:44:46.8463348Z [INFO] 	objects: (type: INSTANCE, hndl: 0x21ba07d4e00, name: ?)
2026-08-09T03:44:46.8464165Z [INFO] GENERAL [Loader Message (0x0)]
	     ||
2026-08-09T03:44:46.8465205Z [INFO] 	objects: (type: INSTANCE, hndl: 0x21ba07d4e00, name: ?)
2026-08-09T03:44:46.8466096Z [INFO] GENERAL [Loader Message (0x0)]
	   <Drivers>
2026-08-09T03:44:46.8467188Z [INFO] 	objects: (type: INSTANCE, hndl: 0x21ba07d4e00, name: ?)
2026-08-09T03:44:46.8728861Z [INFO] Enabling debug utils
2026-08-09T03:44:46.8802919Z [INFO] Adapter Vulkan AdapterInfo { name: "AMD Radeon (TM) Graphics", vendor: 4098, device: 5607, device_type: IntegratedGpu, driver: "AMD proprietary driver", driver_info: "23.19.23.03 (AMD proprietary shader compiler)", backend: Vulkan }
2026-08-09T03:44:47.1212169Z [INFO] Adapter Dx12 AdapterInfo { name: "AMD Radeon (TM) Graphics", vendor: 4098, device: 5607, device_type: IntegratedGpu, driver: "31.0.21923.3003", driver_info: "", backend: Dx12 }
2026-08-09T03:44:47.1214597Z [INFO] Adapter Dx12 AdapterInfo { name: "Microsoft Basic Render Driver", vendor: 5140, device: 140, device_type: Cpu, driver: "10.0.26100.8972", driver_info: "", backend: Dx12 }
2026-08-09T03:44:47.1237317Z [ERROR] get_physical_device_surface_capabilities: An unknown error has occurred, due to an implementation or application bug
2026-08-09T03:44:47.1268687Z [INFO] Adapter Dx12 AdapterInfo { name: "AMD Radeon (TM) Graphics", vendor: 4098, device: 5607, device_type: IntegratedGpu, driver: "31.0.21923.3003", driver_info: "", backend: Dx12 }
2026-08-09T03:44:47.1272289Z [INFO] There were 3 available wgpu adapters: {backend: Vulkan, device_type: IntegratedGpu, name: "AMD Radeon (TM) Graphics", driver: "AMD proprietary driver", driver_info: "23.19.23.03 (AMD proprietary shader compiler)", vendor: 0x1002, device: 0x15E7}, {backend: Dx12, device_type: IntegratedGpu, name: "AMD Radeon (TM) Graphics", driver: "31.0.21923.3003", vendor: 0x1002, device: 0x15E7}, {backend: Dx12, device_type: Cpu, name: "Microsoft Basic Render Driver", driver: "10.0.26100.8972", vendor: 0x1414, device: 0x8C}
2026-08-09T03:44:47.1274069Z [WARN] Missing downlevel flags: DownlevelFlags(VERTEX_AND_INSTANCE_INDEX_RESPECTS_RESPECTIVE_FIRST_VALUE_IN_INDIRECT_DRAW)
The underlying API or device in use does not support enough features to be a fully compliant implementation of WebGPU. A subset of the features can still be used. If you are running this program on native and not in a browser and wish to limit the features you use to the supported subset, call Adapter::downlevel_properties or Device::downlevel_properties to get a listing of the features the current platform supports.
2026-08-09T03:44:47.1275252Z [WARN] DownlevelCapabilities {
    flags: DownlevelFlags(
        COMPUTE_SHADERS | FRAGMENT_WRITABLE_STORAGE | INDIRECT_EXECUTION | BASE_VERTEX | READ_ONLY_DEPTH_STENCIL | NON_POWER_OF_TWO_MIPMAPPED_TEXTURES | CUBE_ARRAY_TEXTURES | COMPARISON_SAMPLERS | INDEPENDENT_BLEND | VERTEX_STORAGE | ANISOTROPIC_FILTERING | FRAGMENT_STORAGE | MULTISAMPLED_SHADING | DEPTH_TEXTURE_AND_BUFFER_COPIES | WEBGPU_TEXTURE_FORMAT_SUPPORT | BUFFER_BINDINGS_NOT_16_BYTE_ALIGNED | UNRESTRICTED_INDEX_BUFFER | FULL_DRAW_INDEX_UINT32 | DEPTH_BIAS_CLAMP | VIEW_FORMATS | UNRESTRICTED_EXTERNAL_TEXTURE_COPIES | SURFACE_VIEW_FORMATS | NONBLOCKING_QUERY_RESOLVE,
    ),
    limits: DownlevelLimits,
    shader_model: Sm5,
}
2026-08-09T03:44:47.4673844Z [INFO] Naga generated shader for "vs_main" at Vertex:
struct NagaConstants {
    int first_vertex;
    int first_instance;
    uint other;
};
ConstantBuffer<NagaConstants> _NagaConstants: register(b1);

struct VertexOutput {
    float2 tex_coord : LOC0;
    float4 color : LOC1;
    float4 position : SV_Position;
};

struct Locals {
    float2 screen_size;
    uint dithering;
    uint _padding;
};

cbuffer r_locals : register(b0) { Locals r_locals; }
Texture2D<float4> r_tex_color : register(t0);
SamplerState r_tex_sampler : register(s0);

struct VertexOutput_vs_main {
    float2 tex_coord : LOC0;
    float4 color_1 : LOC1;
    float4 position : SV_Position;
};

struct FragmentInput_fs_main_linear_framebuffer {
    float2 tex_coord_1 : LOC0;
    float4 color_2 : LOC1;
    float4 position_1 : SV_Position;
};

struct FragmentInput_fs_main_gamma_framebuffer {
    float2 tex_coord_2 : LOC0;
    float4 color_3 : LOC1;
    float4 position_2 : SV_Position;
};

float interleaved_gradient_noise(float2 n)
{
    float f = ((0.06711056 * n.x) + (0.00583715 * n.y));
    return frac((52.982918 * frac(f)));
}

float3 dither_interleaved(float3 rgb, float levels, float4 frag_coord)
{
    float noise_ = (float)0;

    const float _e4 = interleaved_gradient_noise(frag_coord.xy);
    noise_ = _e4;
    float _e6 = noise_;
    noise_ = ((_e6 - 0.5) * 0.95);
    float _e11 = noise_;
    return (rgb + ((_e11 / (levels - 1.0))).xxx);
}

float3 linear_from_gamma_rgb(float3 srgb)
{
    bool3 cutoff = (srgb < (0.04045).xxx);
    float3 lower = (srgb / (12.92).xxx);
    float3 higher = pow(((srgb + (0.055).xxx) / (1.055).xxx), (2.4).xxx);
    return (cutoff ? lower : higher);
}

float3 gamma_from_linear_rgb(float3 rgb_1)
{
    bool3 cutoff_1 = (rgb_1 < (0.0031308).xxx);
    float3 lower_1 = (rgb_1 * (12.92).xxx);
    float3 higher_1 = (((1.055).xxx * pow(rgb_1, (0.41666666).xxx)) - (0.055).xxx);
    return (cutoff_1 ? lower_1 : higher_1);
}

float4 gamma_from_linear_rgba(float4 linear_rgba)
{
    const float3 _e2 = gamma_from_linear_rgb(linear_rgba.xyz);
    return float4(_e2, linear_rgba.w);
}

float4 unpack_color(uint color)
{
    return (float4(float((color & 255u)), float(((color >> 8u) & 255u)), float(((color >> 16u) & 255u)), float(((color >> 24u) & 255u))) / (255.0).xxxx);
}

float4 position_from_screen(float2 screen_pos)
{
    float _e7 = r_locals.screen_size.x;
    float _e17 = r_locals.screen_size.y;
    return float4((((2.0 * screen_pos.x) / _e7) - 1.0), (1.0 - ((2.0 * screen_pos.y) / _e17)), 0.0, 1.0);
}

VertexOutput_vs_main vs_main(float2 a_pos : LOC0, float2 a_tex_coord : LOC1, uint a_color : LOC2)
{
    VertexOutput out_ = (VertexOutput)0;

    out_.tex_coord = a_tex_coord;
    const float4 _e6 = unpack_color(a_color);
    out_.color = _e6;
    const float4 _e8 = position_from_screen(a_pos);
    out_.position = _e8;
    VertexOutput _e9 = out_;
    const VertexOutput vertexoutput = _e9;
    const VertexOutput_vs_main vertexoutput_1 = { vertexoutput.tex_coord, vertexoutput.color, vertexoutput.position };
    return vertexoutput_1;
}

float4 fs_main_linear_framebuffer(FragmentInput_fs_main_linear_framebuffer fragmentinput_fs_main_linear_framebuffer) : SV_Target0
{
    VertexOutput in_ = { fragmentinput_fs_main_linear_framebuffer.tex_coord_1, fragmentinput_fs_main_linear_framebuffer.color_2, fragmentinput_fs_main_linear_framebuffer.position_1 };
    float4 out_color_gamma = (float4)0;

    float4 tex_linear = r_tex_color.Sample(r_tex_sampler, in_.tex_coord);
    const float4 _e5 = gamma_from_linear_rgba(tex_linear);
    out_color_gamma = (in_.color * _e5);
    uint _e11 = r_locals.dithering;
    if ((_e11 == 1u)) {
        float4 _e14 = out_color_gamma;
        const float3 _e18 = dither_interleaved(_e14.xyz, 256.0, in_.position);
        float _e20 = out_color_gamma.w;
        out_color_gamma = float4(_e18, _e20);
    }
    float4 _e22 = out_color_gamma;
    const float3 _e24 = linear_from_gamma_rgb(_e22.xyz);
    float _e26 = out_color_gamma.w;
    return float4(_e24, _e26);
}

float4 fs_main_gamma_framebuffer(FragmentInput_fs_main_gamma_framebuffer fragmentinput_fs_main_gamma_framebuffer) : SV_Target0
{
    VertexOutput in_1 = { fragmentinput_fs_main_gamma_framebuffer.tex_coord_2, fragmentinput_fs_main_gamma_framebuffer.color_3, fragmentinput_fs_main_gamma_framebuffer.position_2 };
    float4 out_color_gamma_1 = (float4)0;

    float4 tex_linear_1 = r_tex_color.Sample(r_tex_sampler, in_1.tex_coord);
    const float4 _e5 = gamma_from_linear_rgba(tex_linear_1);
    out_color_gamma_1 = (in_1.color * _e5);
    uint _e11 = r_locals.dithering;
    if ((_e11 == 1u)) {
        float4 _e14 = out_color_gamma_1;
        const float3 _e18 = dither_interleaved(_e14.xyz, 256.0, in_1.position);
        float _e20 = out_color_gamma_1.w;
        out_color_gamma_1 = float4(_e18, _e20);
    }
    float4 _e22 = out_color_gamma_1;
    return _e22;
}

2026-08-09T03:44:47.4769125Z [INFO] Naga generated shader for "fs_main_gamma_framebuffer" at Fragment:
struct NagaConstants {
    int first_vertex;
    int first_instance;
    uint other;
};
ConstantBuffer<NagaConstants> _NagaConstants: register(b1);

struct VertexOutput {
    float2 tex_coord : LOC0;
    float4 color : LOC1;
    float4 position : SV_Position;
};

struct Locals {
    float2 screen_size;
    uint dithering;
    uint _padding;
};

cbuffer r_locals : register(b0) { Locals r_locals; }
Texture2D<float4> r_tex_color : register(t0);
SamplerState r_tex_sampler : register(s0);

struct VertexOutput_vs_main {
    float2 tex_coord : LOC0;
    float4 color_1 : LOC1;
    float4 position : SV_Position;
};

struct FragmentInput_fs_main_linear_framebuffer {
    float2 tex_coord_1 : LOC0;
    float4 color_2 : LOC1;
    float4 position_1 : SV_Position;
};

struct FragmentInput_fs_main_gamma_framebuffer {
    float2 tex_coord_2 : LOC0;
    float4 color_3 : LOC1;
    float4 position_2 : SV_Position;
};

float interleaved_gradient_noise(float2 n)
{
    float f = ((0.06711056 * n.x) + (0.00583715 * n.y));
    return frac((52.982918 * frac(f)));
}

float3 dither_interleaved(float3 rgb, float levels, float4 frag_coord)
{
    float noise_ = (float)0;

    const float _e4 = interleaved_gradient_noise(frag_coord.xy);
    noise_ = _e4;
    float _e6 = noise_;
    noise_ = ((_e6 - 0.5) * 0.95);
    float _e11 = noise_;
    return (rgb + ((_e11 / (levels - 1.0))).xxx);
}

float3 linear_from_gamma_rgb(float3 srgb)
{
    bool3 cutoff = (srgb < (0.04045).xxx);
    float3 lower = (srgb / (12.92).xxx);
    float3 higher = pow(((srgb + (0.055).xxx) / (1.055).xxx), (2.4).xxx);
    return (cutoff ? lower : higher);
}

float3 gamma_from_linear_rgb(float3 rgb_1)
{
    bool3 cutoff_1 = (rgb_1 < (0.0031308).xxx);
    float3 lower_1 = (rgb_1 * (12.92).xxx);
    float3 higher_1 = (((1.055).xxx * pow(rgb_1, (0.41666666).xxx)) - (0.055).xxx);
    return (cutoff_1 ? lower_1 : higher_1);
}

float4 gamma_from_linear_rgba(float4 linear_rgba)
{
    const float3 _e2 = gamma_from_linear_rgb(linear_rgba.xyz);
    return float4(_e2, linear_rgba.w);
}

float4 unpack_color(uint color)
{
    return (float4(float((color & 255u)), float(((color >> 8u) & 255u)), float(((color >> 16u) & 255u)), float(((color >> 24u) & 255u))) / (255.0).xxxx);
}

float4 position_from_screen(float2 screen_pos)
{
    float _e7 = r_locals.screen_size.x;
    float _e17 = r_locals.screen_size.y;
    return float4((((2.0 * screen_pos.x) / _e7) - 1.0), (1.0 - ((2.0 * screen_pos.y) / _e17)), 0.0, 1.0);
}

VertexOutput_vs_main vs_main(float2 a_pos : LOC0, float2 a_tex_coord : LOC1, uint a_color : LOC2)
{
    VertexOutput out_ = (VertexOutput)0;

    out_.tex_coord = a_tex_coord;
    const float4 _e6 = unpack_color(a_color);
    out_.color = _e6;
    const float4 _e8 = position_from_screen(a_pos);
    out_.position = _e8;
    VertexOutput _e9 = out_;
    const VertexOutput vertexoutput = _e9;
    const VertexOutput_vs_main vertexoutput_1 = { vertexoutput.tex_coord, vertexoutput.color, vertexoutput.position };
    return vertexoutput_1;
}

float4 fs_main_linear_framebuffer(FragmentInput_fs_main_linear_framebuffer fragmentinput_fs_main_linear_framebuffer) : SV_Target0
{
    VertexOutput in_ = { fragmentinput_fs_main_linear_framebuffer.tex_coord_1, fragmentinput_fs_main_linear_framebuffer.color_2, fragmentinput_fs_main_linear_framebuffer.position_1 };
    float4 out_color_gamma = (float4)0;

    float4 tex_linear = r_tex_color.Sample(r_tex_sampler, in_.tex_coord);
    const float4 _e5 = gamma_from_linear_rgba(tex_linear);
    out_color_gamma = (in_.color * _e5);
    uint _e11 = r_locals.dithering;
    if ((_e11 == 1u)) {
        float4 _e14 = out_color_gamma;
        const float3 _e18 = dither_interleaved(_e14.xyz, 256.0, in_.position);
        float _e20 = out_color_gamma.w;
        out_color_gamma = float4(_e18, _e20);
    }
    float4 _e22 = out_color_gamma;
    const float3 _e24 = linear_from_gamma_rgb(_e22.xyz);
    float _e26 = out_color_gamma.w;
    return float4(_e24, _e26);
}

float4 fs_main_gamma_framebuffer(FragmentInput_fs_main_gamma_framebuffer fragmentinput_fs_main_gamma_framebuffer) : SV_Target0
{
    VertexOutput in_1 = { fragmentinput_fs_main_gamma_framebuffer.tex_coord_2, fragmentinput_fs_main_gamma_framebuffer.color_3, fragmentinput_fs_main_gamma_framebuffer.position_2 };
    float4 out_color_gamma_1 = (float4)0;

    float4 tex_linear_1 = r_tex_color.Sample(r_tex_sampler, in_1.tex_coord);
    const float4 _e5 = gamma_from_linear_rgba(tex_linear_1);
    out_color_gamma_1 = (in_1.color * _e5);
    uint _e11 = r_locals.dithering;
    if ((_e11 == 1u)) {
        float4 _e14 = out_color_gamma_1;
        const float3 _e18 = dither_interleaved(_e14.xyz, 256.0, in_1.position);
        float _e20 = out_color_gamma_1.w;
        out_color_gamma_1 = float4(_e18, _e20);
    }
    float4 _e22 = out_color_gamma_1;
    return _e22;
}

2026-08-09T03:44:47.5821504Z [INFO] Device::maintain: waiting for submission index 0
2026-08-09T03:44:47.639697Z [INFO] [font] Loaded CJK font: SimHei (9517.4 KB, path=C:\Windows\Fonts\simhei.ttf)
2026-08-09T03:44:47.639925Z [INFO] [font] Installed CJK fallback: SimHei
2026-08-09T03:44:47.6401062Z [INFO] [gpu] Adapter: name="AMD Radeon (TM) Graphics" backend=Dx12 device_type=IntegratedGpu vendor=4098 driver="31.0.21923.3003"
2026-08-09T03:44:47.6402495Z [INFO] [gpu] Hardware GPU confirmed: backend=Dx12 device_type=IntegratedGpu
2026-08-09T03:44:47.6403563Z [INFO] [gpu] Available adapter #0: name="AMD Radeon (TM) Graphics" backend=Vulkan device_type=IntegratedGpu
2026-08-09T03:44:47.6404553Z [INFO] [gpu] Available adapter #1: name="AMD Radeon (TM) Graphics" backend=Dx12 device_type=IntegratedGpu
2026-08-09T03:44:47.6405532Z [INFO] [gpu] Available adapter #2: name="Microsoft Basic Render Driver" backend=Dx12 device_type=Cpu
2026-08-09T03:44:47.643861Z [INFO] [display] Plugin dir: "C:\\My-project\\My-Project\\My-project\\seewo-class-mvp\\plugins"
2026-08-09T03:44:47.6449708Z [INFO] [display] Found 1 plugin(s)
2026-08-09T03:44:47.6450931Z [INFO] [plugin] Loading "C:\\My-project\\My-Project\\My-project\\seewo-class-mvp\\plugins\\format_enbx.dll"
2026-08-09T03:44:47.646254Z [INFO] [plugin] Loaded format_enbx v0.1.0 by drafftink
2026-08-09T03:44:47.6463742Z [INFO] [plugin]   requires: 读取文件
2026-08-09T03:44:47.6464547Z [INFO] [format_enbx] Loaded
2026-08-09T03:44:47.6465379Z [INFO] [camera] fit_to_page: page=1920x1080 viewport=1920x1080 zoom=0.900 offset=[960.0, 540.0]
2026-08-09T03:44:48.1072603Z [WARN] ID3D12Device::CreateSampler2: ComparisonFunc is D3D12_COMPARISON_FUNC_ALWAYS, but D3D12_FILTER_MIN_MAG_LINEAR_MIP_POINT is not a comparison filter. This is OK, as the ComparisonFunc will simply be ignored, but is was likely not the intent. [ STATE_CREATION WARNING #1361: CREATE_SAMPLER_COMPARISON_FUNC_IGNORED]
2026-08-09T03:44:48.1144544Z [INFO] Device::maintain: waiting for submission index 0
2026-08-09T03:44:48.1340263Z [INFO] Device::maintain: waiting for submission index 1
2026-08-09T03:44:48.1667407Z [INFO] Device::maintain: waiting for submission index 1
2026-08-09T03:44:48.1703714Z [INFO] Device::maintain: waiting for submission index 2
2026-08-09T03:44:48.2053489Z [INFO] Device::maintain: waiting for submission index 2
2026-08-09T03:44:48.2095615Z [INFO] Device::maintain: waiting for submission index 3
2026-08-09T03:44:48.2379037Z [INFO] Device::maintain: waiting for submission index 3
2026-08-09T03:44:48.2410868Z [INFO] Device::maintain: waiting for submission index 4
2026-08-09T03:44:48.2835169Z [INFO] Device::maintain: waiting for submission index 4
2026-08-09T03:44:48.2995211Z [INFO] Device::maintain: waiting for submission index 5
2026-08-09T03:44:48.3588524Z [INFO] Device::maintain: waiting for submission index 6
2026-08-09T03:44:48.3670344Z [INFO] Device::maintain: waiting for submission index 7
2026-08-09T03:56:57.1608808Z [INFO] Device::maintain: waiting for submission index 8
2026-08-09T03:56:57.1703749Z [INFO] Device::maintain: waiting for submission index 9
2026-08-09T03:56:57.2151832Z [INFO] Device::maintain: waiting for submission index 10
2026-08-09T03:56:57.6879906Z [INFO] Device::maintain: waiting for submission index 11
2026-08-09T03:56:57.7129508Z [INFO] Device::maintain: waiting for submission index 12
2026-08-09T03:56:57.7270721Z [INFO] Device::maintain: waiting for submission index 13
2026-08-09T04:08:19.6537793Z [INFO] Device::maintain: waiting for submission index 14
2026-08-09T04:08:19.6616601Z [INFO] Device::maintain: waiting for submission index 15
2026-08-09T04:08:19.6748708Z [INFO] Device::maintain: waiting for submission index 16
2026-08-09T04:08:19.6983786Z [INFO] Device::maintain: waiting for submission index 17
2026-08-09T04:08:19.7142914Z [INFO] Device::maintain: waiting for submission index 18
2026-08-09T04:08:19.7416337Z [INFO] Device::maintain: waiting for submission index 19
2026-08-09T04:08:19.7579055Z [INFO] Device::maintain: waiting for submission index 20
2026-08-09T04:08:19.774637Z [INFO] Device::maintain: waiting for submission index 21
2026-08-09T04:08:19.7912553Z [INFO] Device::maintain: waiting for submission index 22
2026-08-09T04:08:19.8079607Z [INFO] Device::maintain: waiting for submission index 23
2026-08-09T04:08:19.8246542Z [INFO] Device::maintain: waiting for submission index 24
2026-08-09T04:08:19.84134Z [INFO] Device::maintain: waiting for submission index 25
2026-08-09T04:08:19.8579316Z [INFO] Device::maintain: waiting for submission index 26
2026-08-09T04:08:19.8745696Z [INFO] Device::maintain: waiting for submission index 27
2026-08-09T04:08:19.891231Z [INFO] Device::maintain: waiting for submission index 28
2026-08-09T04:08:19.9078812Z [INFO] Device::maintain: waiting for submission index 29
2026-08-09T04:08:19.924607Z [INFO] Device::maintain: waiting for submission index 30
2026-08-09T04:08:19.941409Z [INFO] Device::maintain: waiting for submission index 31
2026-08-09T04:08:19.9579473Z [INFO] Device::maintain: waiting for submission index 32
2026-08-09T04:08:19.9745374Z [INFO] Device::maintain: waiting for submission index 33
2026-08-09T04:08:19.9912407Z [INFO] Device::maintain: waiting for submission index 34
2026-08-09T04:08:20.0080165Z [INFO] Device::maintain: waiting for submission index 35
2026-08-09T04:08:20.0247034Z [INFO] Device::maintain: waiting for submission index 36
2026-08-09T04:08:20.0415502Z [INFO] Device::maintain: waiting for submission index 37
2026-08-09T04:08:20.0578916Z [INFO] Device::maintain: waiting for submission index 38
2026-08-09T04:08:20.0745495Z [INFO] Device::maintain: waiting for submission index 39
2026-08-09T04:08:20.0912636Z [INFO] Device::maintain: waiting for submission index 40
2026-08-09T04:08:20.107933Z [INFO] Device::maintain: waiting for submission index 41
2026-08-09T04:08:20.1246387Z [INFO] Device::maintain: waiting for submission index 42
2026-08-09T04:08:20.1412598Z [INFO] Device::maintain: waiting for submission index 43
2026-08-09T04:08:20.1579018Z [INFO] Device::maintain: waiting for submission index 44
2026-08-09T04:08:20.1744822Z [INFO] Device::maintain: waiting for submission index 45
2026-08-09T04:08:20.1912625Z [INFO] Device::maintain: waiting for submission index 46
2026-08-09T04:08:20.2081136Z [INFO] Device::maintain: waiting for submission index 47
2026-08-09T04:08:20.2245277Z [INFO] Device::maintain: waiting for submission index 48
2026-08-09T04:08:20.2412667Z [INFO] Device::maintain: waiting for submission index 49
2026-08-09T04:08:20.2579844Z [INFO] Device::maintain: waiting for submission index 50
2026-08-09T04:08:20.2747045Z [INFO] Device::maintain: waiting for submission index 51
2026-08-09T04:08:20.2921166Z [INFO] Device::maintain: waiting for submission index 52
2026-08-09T04:08:20.3079521Z [INFO] Device::maintain: waiting for submission index 53
2026-08-09T04:08:20.3245908Z [INFO] Device::maintain: waiting for submission index 54
2026-08-09T04:08:20.3412067Z [INFO] Device::maintain: waiting for submission index 55
2026-08-09T04:08:20.3579466Z [INFO] Device::maintain: waiting for submission index 56
2026-08-09T04:08:20.3746998Z [INFO] Device::maintain: waiting for submission index 57
2026-08-09T04:08:20.3911864Z [INFO] Device::maintain: waiting for submission index 58
2026-08-09T04:08:20.3927751Z [INFO] [render] frame=60 pages=1 path="none" page_size=[1920.0, 1080.0] viewport=[1536.0, 864.0] offset=[960.0, 540.0] zoom=0.9
2026-08-09T04:08:20.4079772Z [INFO] Device::maintain: waiting for submission index 59
2026-08-09T04:08:20.4246066Z [INFO] Device::maintain: waiting for submission index 60
2026-08-09T04:08:20.4411849Z [INFO] Device::maintain: waiting for submission index 61
2026-08-09T04:08:20.4579992Z [INFO] Device::maintain: waiting for submission index 62
2026-08-09T04:08:20.4744984Z [INFO] Device::maintain: waiting for submission index 63
2026-08-09T04:08:20.4915527Z [INFO] Device::maintain: waiting for submission index 64
2026-08-09T04:08:20.5079334Z [INFO] Device::maintain: waiting for submission index 65
2026-08-09T04:08:20.5248032Z [INFO] Device::maintain: waiting for submission index 66
2026-08-09T04:08:20.541374Z [INFO] Device::maintain: waiting for submission index 67
2026-08-09T04:08:20.5579527Z [INFO] Device::maintain: waiting for submission index 68
2026-08-09T04:08:20.5746959Z [INFO] Device::maintain: waiting for submission index 69
2026-08-09T04:08:20.5913051Z [INFO] Device::maintain: waiting for submission index 70
2026-08-09T04:08:20.607971Z [INFO] Device::maintain: waiting for submission index 71
2026-08-09T04:08:20.6243913Z [INFO] Device::maintain: waiting for submission index 72
2026-08-09T04:08:20.6412258Z [INFO] Device::maintain: waiting for submission index 73
2026-08-09T04:08:20.657908Z [INFO] Device::maintain: waiting for submission index 74
2026-08-09T04:08:20.6746377Z [INFO] Device::maintain: waiting for submission index 75
2026-08-09T04:08:20.6913581Z [INFO] Device::maintain: waiting for submission index 76
2026-08-09T04:08:20.7080835Z [INFO] Device::maintain: waiting for submission index 77
2026-08-09T04:08:20.7245527Z [INFO] Device::maintain: waiting for submission index 78
2026-08-09T04:08:20.7412946Z [INFO] Device::maintain: waiting for submission index 79
2026-08-09T04:08:20.7581323Z [INFO] Device::maintain: waiting for submission index 80
2026-08-09T04:08:20.7747411Z [INFO] Device::maintain: waiting for submission index 81
2026-08-09T04:08:20.7913342Z [INFO] Device::maintain: waiting for submission index 82
2026-08-09T04:08:20.8080481Z [INFO] Device::maintain: waiting for submission index 83
2026-08-09T04:08:20.824659Z [INFO] Device::maintain: waiting for submission index 84
2026-08-09T04:08:20.8412768Z [INFO] Device::maintain: waiting for submission index 85
2026-08-09T04:08:20.8581073Z [INFO] Device::maintain: waiting for submission index 86
2026-08-09T04:08:20.8746488Z [INFO] Device::maintain: waiting for submission index 87
2026-08-09T04:08:20.891312Z [INFO] Device::maintain: waiting for submission index 88
2026-08-09T04:08:20.9079791Z [INFO] Device::maintain: waiting for submission index 89
2026-08-09T04:08:20.9246335Z [INFO] Device::maintain: waiting for submission index 90
2026-08-09T04:08:20.9412031Z [INFO] Device::maintain: waiting for submission index 91
2026-08-09T04:08:20.9579889Z [INFO] Device::maintain: waiting for submission index 92
2026-08-09T04:08:20.974604Z [INFO] Device::maintain: waiting for submission index 93
2026-08-09T04:08:20.9913113Z [INFO] Device::maintain: waiting for submission index 94
2026-08-09T04:08:21.007933Z [INFO] Device::maintain: waiting for submission index 95
2026-08-09T04:08:21.0247037Z [INFO] Device::maintain: waiting for submission index 96
2026-08-09T04:08:21.0412765Z [INFO] Device::maintain: waiting for submission index 97
2026-08-09T04:08:21.0580737Z [INFO] Device::maintain: waiting for submission index 98
2026-08-09T04:08:21.0749469Z [INFO] Device::maintain: waiting for submission index 99
2026-08-09T04:08:21.0916767Z [INFO] Device::maintain: waiting for submission index 100
2026-08-09T04:08:21.1116607Z [INFO] Device::maintain: waiting for submission index 101
2026-08-09T04:08:21.1249944Z [INFO] Device::maintain: waiting for submission index 102
2026-08-09T04:08:21.1436842Z [INFO] Device::maintain: waiting for submission index 103
2026-08-09T04:08:21.1606592Z [INFO] Device::maintain: waiting for submission index 104
2026-08-09T04:08:21.1750773Z [INFO] Device::maintain: waiting for submission index 105
2026-08-09T04:08:21.1916138Z [INFO] Device::maintain: waiting for submission index 106
2026-08-09T04:08:21.2088986Z [INFO] Device::maintain: waiting for submission index 107
2026-08-09T04:08:21.2249856Z [INFO] Device::maintain: waiting for submission index 108
2026-08-09T04:08:21.2417455Z [INFO] Device::maintain: waiting for submission index 109
2026-08-09T04:08:21.2588457Z [INFO] Device::maintain: waiting for submission index 110
2026-08-09T04:08:21.2749415Z [INFO] Device::maintain: waiting for submission index 111
2026-08-09T04:08:21.291564Z [INFO] Device::maintain: waiting for submission index 112
2026-08-09T04:08:21.3081337Z [INFO] Device::maintain: waiting for submission index 113
2026-08-09T04:08:21.3247264Z [INFO] Device::maintain: waiting for submission index 114
2026-08-09T04:08:21.3414452Z [INFO] Device::maintain: waiting for submission index 115
2026-08-09T04:08:21.3579806Z [INFO] Device::maintain: waiting for submission index 116
2026-08-09T04:08:21.374788Z [INFO] Device::maintain: waiting for submission index 117
2026-08-09T04:08:21.3914728Z [INFO] Device::maintain: waiting for submission index 118
2026-08-09T04:08:21.3932077Z [INFO] [render] frame=120 pages=1 path="none" page_size=[1920.0, 1080.0] viewport=[1536.0, 864.0] offset=[960.0, 540.0] zoom=0.9
2026-08-09T04:08:21.4080527Z [INFO] Device::maintain: waiting for submission index 119
2026-08-09T04:08:21.4250373Z [INFO] Device::maintain: waiting for submission index 120
2026-08-09T04:08:21.4415611Z [INFO] Device::maintain: waiting for submission index 121
2026-08-09T04:08:21.4582787Z [INFO] Device::maintain: waiting for submission index 122
2026-08-09T04:08:21.4748798Z [INFO] Device::maintain: waiting for submission index 123
2026-08-09T04:08:21.4913719Z [INFO] Device::maintain: waiting for submission index 124
2026-08-09T04:08:21.5087112Z [INFO] Device::maintain: waiting for submission index 125
2026-08-09T04:08:21.5324008Z [INFO] Device::maintain: waiting for submission index 126
2026-08-09T04:08:21.5415287Z [INFO] Device::maintain: waiting for submission index 127
2026-08-09T04:08:21.5581826Z [INFO] Device::maintain: waiting for submission index 128
2026-08-09T04:08:21.5747885Z [INFO] Device::maintain: waiting for submission index 129
2026-08-09T04:08:21.5915546Z [INFO] Device::maintain: waiting for submission index 130
2026-08-09T04:08:21.6080769Z [INFO] Device::maintain: waiting for submission index 131
2026-08-09T04:08:21.6245367Z [INFO] Device::maintain: waiting for submission index 132
2026-08-09T04:08:21.6413928Z [INFO] Device::maintain: waiting for submission index 133
2026-08-09T04:08:21.6584076Z [INFO] Device::maintain: waiting for submission index 134
2026-08-09T04:08:21.7141791Z [INFO] Device::maintain: waiting for submission index 135
2026-08-09T04:08:21.7203884Z [INFO] Device::maintain: waiting for submission index 136
2026-08-09T04:08:21.7330111Z [INFO] Device::maintain: waiting for submission index 137
2026-08-09T04:08:21.7498498Z [INFO] Device::maintain: waiting for submission index 138
2026-08-09T04:08:21.7664852Z [INFO] Device::maintain: waiting for submission index 139
2026-08-09T04:08:21.7830929Z [INFO] Device::maintain: waiting for submission index 140
2026-08-09T04:08:21.7996578Z [INFO] Device::maintain: waiting for submission index 141
2026-08-09T04:08:21.8164453Z [INFO] Device::maintain: waiting for submission index 142
2026-08-09T04:08:21.8330235Z [INFO] Device::maintain: waiting for submission index 143
2026-08-09T04:08:21.8497821Z [INFO] Device::maintain: waiting for submission index 144
2026-08-09T04:08:21.8663956Z [INFO] Device::maintain: waiting for submission index 145
2026-08-09T04:08:21.8830486Z [INFO] Device::maintain: waiting for submission index 146
2026-08-09T04:08:21.8997885Z [INFO] Device::maintain: waiting for submission index 147
2026-08-09T04:08:21.9162337Z [INFO] Device::maintain: waiting for submission index 148
2026-08-09T04:08:21.9329398Z [INFO] Device::maintain: waiting for submission index 149
2026-08-09T04:08:21.9496723Z [INFO] Device::maintain: waiting for submission index 150
2026-08-09T04:08:21.9668387Z [INFO] Device::maintain: waiting for submission index 151
2026-08-09T04:08:21.9829885Z [INFO] Device::maintain: waiting for submission index 152
2026-08-09T04:08:21.999641Z [INFO] Device::maintain: waiting for submission index 153
2026-08-09T04:08:22.0162238Z [INFO] Device::maintain: waiting for submission index 154
2026-08-09T04:08:22.0329813Z [INFO] Device::maintain: waiting for submission index 155
2026-08-09T04:08:22.0495558Z [INFO] Device::maintain: waiting for submission index 156
2026-08-09T04:08:22.0663863Z [INFO] Device::maintain: waiting for submission index 157
2026-08-09T04:08:22.083107Z [INFO] Device::maintain: waiting for submission index 158
2026-08-09T04:08:22.0996738Z [INFO] Device::maintain: waiting for submission index 159
2026-08-09T04:08:22.1163674Z [INFO] Device::maintain: waiting for submission index 160
2026-08-09T04:08:22.1330439Z [INFO] Device::maintain: waiting for submission index 161
2026-08-09T04:08:22.15Z [INFO] Device::maintain: waiting for submission index 162
2026-08-09T04:08:22.1663585Z [INFO] Device::maintain: waiting for submission index 163
2026-08-09T04:08:22.1830144Z [INFO] Device::maintain: waiting for submission index 164
2026-08-09T04:08:22.1996695Z [INFO] Device::maintain: waiting for submission index 165
2026-08-09T04:08:22.2164799Z [INFO] Device::maintain: waiting for submission index 166
2026-08-09T04:08:22.2330491Z [INFO] Device::maintain: waiting for submission index 167
2026-08-09T04:08:22.2496614Z [INFO] Device::maintain: waiting for submission index 168
2026-08-09T04:08:22.2762161Z [INFO] Device::maintain: waiting for submission index 169
2026-08-09T04:08:22.2828135Z [INFO] Device::maintain: waiting for submission index 170
2026-08-09T04:08:22.2997287Z [INFO] Device::maintain: waiting for submission index 171
2026-08-09T04:08:22.3165726Z [INFO] Device::maintain: waiting for submission index 172
2026-08-09T04:08:22.3329516Z [INFO] Device::maintain: waiting for submission index 173
2026-08-09T04:08:22.3496863Z [INFO] Device::maintain: waiting for submission index 174
2026-08-09T04:08:22.3664222Z [INFO] Device::maintain: waiting for submission index 175
2026-08-09T04:08:22.3830143Z [INFO] Device::maintain: waiting for submission index 176
2026-08-09T04:08:22.3997098Z [INFO] Device::maintain: waiting for submission index 177
2026-08-09T04:08:22.4162607Z [INFO] Device::maintain: waiting for submission index 178
2026-08-09T04:08:22.4176776Z [INFO] [render] frame=180 pages=1 path="none" page_size=[1920.0, 1080.0] viewport=[1536.0, 864.0] offset=[960.0, 540.0] zoom=0.9
2026-08-09T04:08:22.4329888Z [INFO] Device::maintain: waiting for submission index 179
2026-08-09T04:08:22.4496812Z [INFO] Device::maintain: waiting for submission index 180
2026-08-09T04:08:22.4663068Z [INFO] Device::maintain: waiting for submission index 181
2026-08-09T04:08:22.4830057Z [INFO] Device::maintain: waiting for submission index 182
2026-08-09T04:08:22.4996324Z [INFO] Device::maintain: waiting for submission index 183
2026-08-09T04:08:22.5163298Z [INFO] Device::maintain: waiting for submission index 184
2026-08-09T04:08:22.5329516Z [INFO] Device::maintain: waiting for submission index 185
2026-08-09T04:08:22.5497519Z [INFO] Device::maintain: waiting for submission index 186
2026-08-09T04:08:22.5665962Z [INFO] Device::maintain: waiting for submission index 187
2026-08-09T04:08:22.5832055Z [INFO] Device::maintain: waiting for submission index 188
2026-08-09T04:08:22.599606Z [INFO] Device::maintain: waiting for submission index 189
2026-08-09T04:08:22.6163996Z [INFO] Device::maintain: waiting for submission index 190
2026-08-09T04:08:22.6330872Z [INFO] Device::maintain: waiting for submission index 191
2026-08-09T04:08:22.6498842Z [INFO] Device::maintain: waiting for submission index 192
2026-08-09T04:08:22.6665294Z [INFO] Device::maintain: waiting for submission index 193
2026-08-09T04:08:22.6833115Z [INFO] Device::maintain: waiting for submission index 194
2026-08-09T04:08:22.7001063Z [INFO] Device::maintain: waiting for submission index 195
2026-08-09T04:08:22.7165561Z [INFO] Device::maintain: waiting for submission index 196
2026-08-09T04:08:22.7349268Z [INFO] Device::maintain: waiting for submission index 197
2026-08-09T04:08:22.7512534Z [INFO] Device::maintain: waiting for submission index 198
2026-08-09T04:08:22.7670042Z [INFO] Device::maintain: waiting for submission index 199
2026-08-09T04:08:22.784805Z [INFO] Device::maintain: waiting for submission index 200
2026-08-09T04:08:22.8002117Z [INFO] Device::maintain: waiting for submission index 201
2026-08-09T04:08:22.8171289Z [INFO] Device::maintain: waiting for submission index 202
2026-08-09T04:08:22.8335087Z [INFO] Device::maintain: waiting for submission index 203
2026-08-09T04:08:22.8500162Z [INFO] Device::maintain: waiting for submission index 204
2026-08-09T04:08:22.8666123Z [INFO] Device::maintain: waiting for submission index 205
2026-08-09T04:08:22.8831355Z [INFO] Device::maintain: waiting for submission index 206
2026-08-09T04:08:22.8996862Z [INFO] Device::maintain: waiting for submission index 207
2026-08-09T04:08:22.9164063Z [INFO] Device::maintain: waiting for submission index 208
2026-08-09T04:08:22.9330861Z [INFO] Device::maintain: waiting for submission index 209
2026-08-09T04:08:22.9498958Z [INFO] Device::maintain: waiting for submission index 210
2026-08-09T04:08:22.9665924Z [INFO] Device::maintain: waiting for submission index 211
2026-08-09T04:08:22.9832197Z [INFO] Device::maintain: waiting for submission index 212
2026-08-09T04:08:22.9997245Z [INFO] Device::maintain: waiting for submission index 213
2026-08-09T04:08:23.1839878Z [INFO] Device::maintain: waiting for submission index 214
2026-08-09T04:08:23.1889275Z [INFO] Device::maintain: waiting for submission index 215
2026-08-09T04:08:23.1994422Z [INFO] Device::maintain: waiting for submission index 216
2026-08-09T04:08:23.4196141Z [WARN] Process is terminating. Using simple reporting. Please call ReportLiveObjects() at runtime for standard reporting. 
2026-08-09T04:08:23.4197257Z [WARN] Live Producer at 0x0000021BA6D66AA8, Refcount: 64. 
2026-08-09T04:08:23.419799Z [WARN] 	Live Object at 0x0000021BA6E17AF0, Refcount: 0. 
2026-08-09T04:08:23.4198683Z [WARN] 	Live Object at 0x0000021BA6E415D0, Refcount: 0. 
2026-08-09T04:08:23.419937Z [WARN] 	Live Object at 0x0000021BA6E72B70, Refcount: 0. 
2026-08-09T04:08:23.4200057Z [WARN] 	Live Object at 0x0000021BA6E7A540, Refcount: 0. 
2026-08-09T04:08:23.4200738Z [WARN] 	Live Object at 0x0000021BA6E7E1B0, Refcount: 0. 
2026-08-09T04:08:23.4201421Z [WARN] 	Live Object at 0x0000021BA6E809A0, Refcount: 0. 
2026-08-09T04:08:23.4202101Z [WARN] 	Live Object at 0x0000021BA6E80250, Refcount: 0. 
2026-08-09T04:08:23.4202782Z [WARN] 	Live Object at 0x0000021BA6E81080, Refcount: 0. 
2026-08-09T04:08:23.4203461Z [WARN] 	Live Object at 0x0000021BA6E812F0, Refcount: 0. 
2026-08-09T04:08:23.42042Z [WARN] 	Live Object at 0x0000021BA6E87AC0, Refcount: 0. 
2026-08-09T04:08:23.4204886Z [WARN] 	Live Object at 0x0000021BA6F37450, Refcount: 9. 
2026-08-09T04:08:23.4205569Z [WARN] 	Live Object at 0x0000021BA6E8D220, Refcount: 0. 
2026-08-09T04:08:23.4206251Z [WARN] 	Live Object at 0x0000021BA6E8DE50, Refcount: 1. 
2026-08-09T04:08:23.4206932Z [WARN] 	Live Object at 0x0000021BA6F3F590, Refcount: 1. 
2026-08-09T04:08:23.4207615Z [WARN] 	Live Object at 0x0000021BA6F3EE40, Refcount: 0. 
2026-08-09T04:08:23.4208305Z [WARN] 	Live Object at 0x0000021BA6CF9FC0, Refcount: 1. 
2026-08-09T04:08:23.4208987Z [WARN] 	Live Object at 0x0000021BA6F3FC70, Refcount: 1. 
2026-08-09T04:08:23.4209668Z [WARN] 	Live Object at 0x0000021BA6F3FEF0, Refcount: 1. 
2026-08-09T04:08:23.4210354Z [WARN] 	Live Object at 0x0000021BCD9EC070, Refcount: 1. 
2026-08-09T04:08:23.4211038Z [WARN] 	Live Object at 0x0000021BA6F402F0, Refcount: 1. 
2026-08-09T04:08:23.4211725Z [WARN] 	Live Object at 0x0000021BA6F8E780, Refcount: 1. 
2026-08-09T04:08:23.4212415Z [WARN] 	Live Object at 0x0000021BA6E8CD40, Refcount: 1. 
2026-08-09T04:08:23.4213704Z [WARN] 	Live Object at 0x0000021BA6DFA920, Refcount: 1. 
2026-08-09T04:08:23.4214522Z [WARN] 	Live Object at 0x0000021BA6F97770, Refcount: 0. 
2026-08-09T04:08:23.4215235Z [WARN] 	Live Object at 0x0000021BA6F97020, Refcount: 6. 
2026-08-09T04:08:23.4216247Z [WARN] 	Live Object at 0x0000021BA6F9BFE0, Refcount: 1. 
2026-08-09T04:08:23.4216965Z [WARN] 	Live Object at 0x0000021BA6F9C6C0, Refcount: 1. 
2026-08-09T04:08:23.4217663Z [WARN] 	Live Object at 0x0000021BA6FD3FB0, Refcount: 0. 
2026-08-09T04:08:23.4218355Z [WARN] 	Live Object at 0x0000021BA70135E0, Refcount: 1. 
2026-08-09T04:08:23.421905Z [WARN] 	Live Object at 0x0000021BA7019AC0, Refcount: 0. 
2026-08-09T04:08:23.4219745Z [WARN] 	Live Object at 0x0000021BA7019370, Refcount: 3. 
2026-08-09T04:08:23.4220439Z [WARN] 	Live Object at 0x0000021BA7025EA0, Refcount: 1. 
2026-08-09T04:08:23.4221223Z [WARN] 	Live Object at 0x0000021BA70261D0, Refcount: 1. 
2026-08-09T04:08:23.4222117Z [WARN] 	Live Object at 0x0000021BA7026500, Refcount: 1. 
2026-08-09T04:08:23.422282Z [WARN] 	Live Object at 0x0000021BA7026A50, Refcount: 2. 
2026-08-09T04:08:23.4223513Z [WARN] 	Live Object at 0x0000021BF0C04FB0, Refcount: 1. 
2026-08-09T04:08:23.4224211Z [WARN] 	Live Object at 0x0000021BA702B460, Refcount: 2. 
2026-08-09T04:08:23.4224903Z [WARN] 	Live Object at 0x0000021BA6EDF250, Refcount: 2. 
2026-08-09T04:08:23.4225594Z [WARN] 	Live Object at 0x0000021BA6E8CAD0, Refcount: 1. 
2026-08-09T04:08:23.4226285Z [WARN] 	Live Object at 0x0000021BA6DFB760, Refcount: 1. 
2026-08-09T04:08:23.4227167Z [WARN] 	Live Object at 0x0000021BF0C77B70, Refcount: 1. 
2026-08-09T04:08:23.4227994Z [WARN] 	Live Object at 0x0000021BA6DFB9C0, Refcount: 1. 
2026-08-09T04:08:23.4228698Z [WARN] 	Live Object at 0x0000021BF0E38F30, Refcount: 2. 
2026-08-09T04:08:23.4229395Z [WARN] 	Live Object at 0x0000021BF0E3A870, Refcount: 1. 
2026-08-09T04:08:23.4230092Z [WARN] 	Live Object at 0x0000021BF0D70C40, Refcount: 1. 
2026-08-09T04:08:23.4230878Z [WARN] 	Live Object at 0x0000021BF0D77FB0, Refcount: 2. 
2026-08-09T04:08:23.4231581Z [WARN] 	Live Object at 0x0000021BF0E3F2B0, Refcount: 2. 
2026-08-09T04:08:23.4232278Z [WARN] 	Live Object at 0x0000021BF0EB03B0, Refcount: 2. 
2026-08-09T04:08:23.4233157Z [WARN] 	Live Object at 0x0000021BF0F1E780, Refcount: 2. 
2026-08-09T04:08:23.4233869Z [WARN] 	Live Object at 0x0000021BA6DF9FA0, Refcount: 1. 
2026-08-09T04:08:23.4234567Z [WARN] 	Live Object at 0x0000021BA6DFB040, Refcount: 1. 
2026-08-09T04:08:23.4235264Z [WARN] 	Live Object at 0x0000021BF0DED760, Refcount: 1. 
2026-08-09T04:08:23.4235958Z [WARN] 	Live Object at 0x0000021BA7038D60, Refcount: 1. 
2026-08-09T04:08:23.4236652Z [WARN] 	Live Object at 0x0000021BF0D74ED0, Refcount: 1. 
2026-08-09T04:08:23.4237345Z [WARN] 	Live Object at 0x0000021BA6DF9D40, Refcount: 1. 
2026-08-09T04:08:23.4238051Z [WARN] 	Live Object at 0x0000021BA70409C0, Refcount: 5. 
2026-08-09T04:08:23.4238825Z [WARN] 	Live Object at 0x0000021BFB1B6310, Refcount: 0. 
2026-08-09T04:08:23.4239535Z [WARN] 	Live Object at 0x0000021BF0C12FF0, Refcount: 5. 
2026-08-09T04:08:23.4240238Z [WARN] 	Live Object at 0x0000021BF0C06850, Refcount: 0. 
2026-08-09T04:08:23.4240938Z [WARN] 	Live Object at 0x0000021BFB1B1FA0, Refcount: 5. 
2026-08-09T04:08:23.4241638Z [WARN] 	Live Object at 0x0000021BF0D75890, Refcount: 0. 
2026-08-09T04:08:23.4242342Z [WARN] 	Live Object at 0x0000021BF0D304F0, Refcount: 2. 
2026-08-09T04:08:23.4243494Z [WARN] 	Live Object at 0x0000021BA6DFA6C0, Refcount: 1. 
2026-08-09T04:08:23.4244507Z [WARN] 	Live Object at 0x0000021BFB0D0050, Refcount: 1. 
2026-08-09T04:08:23.4245265Z [WARN] 	Live Object at 0x0000021BFB206F70, Refcount: 0. 
2026-08-09T04:08:23.4246046Z [WARN] 	Live Object at 0x0000021BFB235C10, Refcount: 1. 
2026-08-09T04:08:23.4246752Z [WARN] 	Live Object at 0x0000021BFB2648B0, Refcount: 0. 
2026-08-09T04:08:23.4247458Z [WARN] 	Live Object at 0x0000021BFB293550, Refcount: 1. 
2026-08-09T04:08:23.424817Z [WARN] 	Live Object at 0x0000021BFB2C21F0, Refcount: 0. 
2026-08-09T04:08:23.4249115Z [WARN] 	Live Object at 0x0000021BFB2F0E90, Refcount: 1. 
2026-08-09T04:08:23.4250066Z [WARN] 	Live Object at 0x0000021BFB327B70, Refcount: 0. 
2026-08-09T04:08:23.4250881Z [WARN] 	Live Object at 0x0000021BA6DFAB80, Refcount: 1. 
2026-08-09T04:08:23.4251623Z [WARN] 	Live Object at 0x0000021BFB3747D0, Refcount: 2. 
2026-08-09T04:08:23.4252341Z [WARN] 	Live Object at 0x0000021BFB1B6F60, Refcount: 0. 
2026-08-09T04:08:23.425306Z [WARN] 	Live Object at 0x0000021BFB4E0CE0, Refcount: 0. 
2026-08-09T04:08:23.425381Z [WARN] 	Live Object at 0x0000021BF0CA6810, Refcount: 0. 
2026-08-09T04:08:23.4254566Z [WARN] 	Live Object at 0x0000021BF0DAF6A0, Refcount: 0. 
2026-08-09T04:08:23.4255573Z [WARN] 	Live Object at 0x0000021BF0E769A0, Refcount: 0. 
2026-08-09T04:08:23.4256356Z [WARN] 	Live Object at 0x0000021BF0EE7090, Refcount: 0. 
2026-08-09T04:08:23.4257073Z [WARN] 	Live Object at 0x0000021BF0F5E080, Refcount: 0. 
2026-08-09T04:08:23.4257779Z [WARN] 	Live Object at 0x0000021BF0D76C00, Refcount: 1. 
2026-08-09T04:08:23.4258491Z [WARN] 	Live Object at 0x0000021BA701A1A0, Refcount: 1. 
2026-08-09T04:08:23.4259208Z [WARN] Live                         Object :     82 
2026-08-09T04:08:23.4259977Z [WARN] Live Producer at 0x0000021BA6E8EB38, Refcount: 1. 
2026-08-09T04:08:23.4260847Z [WARN] 	Live Object at 0x0000021BA6ED1720, Refcount: 0. 
2026-08-09T04:08:23.4261775Z [WARN] 	Live Object at 0x0000021BA6ED1A00, Refcount: 0. 
2026-08-09T04:08:23.4262507Z [WARN] 	Live Object at 0x0000021BA6EF8FD0, Refcount: 0. 
2026-08-09T04:08:23.4263223Z [WARN] 	Live Object at 0x0000021BA6EFAAB0, Refcount: 0. 
2026-08-09T04:08:23.4263937Z [WARN] 	Live Object at 0x0000021BA6F16EA0, Refcount: 0. 
2026-08-09T04:08:23.426465Z [WARN] 	Live Object at 0x0000021BA6ED94A0, Refcount: 0. 
2026-08-09T04:08:23.4265359Z [WARN] 	Live Object at 0x0000021BA6ED9720, Refcount: 0. 
2026-08-09T04:08:23.426607Z [WARN] 	Live Object at 0x0000021BA6F1B750, Refcount: 0. 
2026-08-09T04:08:23.4267005Z [WARN] 	Live Object at 0x0000021BA6F37200, Refcount: 0. 
2026-08-09T04:08:23.4267733Z [WARN] Live                         Object :      9 
